// Jest Snapshot v1, https://goo.gl/fbAQLP

exports[`Icon renders 'asc' icon as expected 1`] = `
.c0 {
  -webkit-user-select: none;
  -moz-user-select: none;
  -ms-user-select: none;
  user-select: none;
  display: inline-block;
  vertical-align: middle;
  width: 20px;
  height: 20px;
  border-radius: 20px;
  color: rgb(255,255,255);
}

<span
  className="c0"
  disabled={true}
  onClick={null}
  size={20}
>
  <svg
    fill="currentColor"
    strokeLinejoin="round"
    strokeMiterlimit={1.414}
    viewBox="16 16 70 70"
  >
    <path
      d="M51.494 35.157l4.41 4.409a1.5 1.5 0 102.121-2.121l-6.965-6.964a1.5 1.5 0 00-2.12 0l-6.957 6.956a1.5 1.5 0 102.121 2.121l4.39-4.389v33.367a1.503 1.503 0 001.5 1.5 1.503 1.503 0 001.5-1.5V35.157z"
    />
  </svg>
</span>
`;
